Unable to find image 'postgres:17' locally
17: Pulling from library/postgres
fcdd3a481359: Pulling fs layer
8aebe6431dc8: Pulling fs layer
99ce35cabaf9: Pulling fs layer
b86134c2eeb6: Pulling fs layer
52fc2be321a4: Pulling fs layer
57644501a07f: Pulling fs layer
3be737420556: Pulling fs layer
c5602f014e9e: Pulling fs layer
e30751283c57: Pulling fs layer
affbe3357b39: Pulling fs layer
c9432d362cca: Pulling fs layer
dc30f2779c66: Pulling fs layer
d43ee31e40df: Pulling fs layer
ecc510c1e359: Pulling fs layer
fcdd3a481359: Download complete
d43ee31e40df: Download complete
99ce35cabaf9: Download complete
8aebe6431dc8: Download complete
52fc2be321a4: Download complete
e30751283c57: Download complete
c5602f014e9e: Download complete
dc30f2779c66: Download complete
3be737420556: Download complete
57644501a07f: Download complete
a7cb71218182: Download complete
b86134c2eeb6: Download complete
3de48e9ae1ea: Download complete
affbe3357b39: Download complete
ecc510c1e359: Download complete
ecc510c1e359: Pull complete
fcdd3a481359: Pull complete
57644501a07f: Pull complete
b86134c2eeb6: Pull complete
e30751283c57: Pull complete
3be737420556: Pull complete
affbe3357b39: Pull complete
c5602f014e9e: Pull complete
c9432d362cca: Download complete
c9432d362cca: Pull complete
d43ee31e40df: Pull complete
8aebe6431dc8: Pull complete
52fc2be321a4: Pull complete
dc30f2779c66: Pull complete
99ce35cabaf9: Pull complete
Digest: sha256:ae69c452f483507a6b99fb654cf93aad7fe156ffd2c56247707eef4e36d3c12b
Status: Downloaded newer image for postgres:17
532e53577238c3e750f07eac8f59685c313d9116e84409509620fe76c1b3c52e
