cwd: /tmp/knowslink-mvp-review-78b1d92
command: make verify-mvp
mkdir -p build
go build -trimpath -o build/relay ./cmd/relay
go build -trimpath -o build/migrate ./cmd/migrate
npm run build --prefix adapters

> @knowslink/adapters@0.0.0 build
> tsc

python3 scripts/verify_mvp.py
 Image knowslink-mvp-69416484a9-migrate Building
 Image knowslink-mvp-69416484a9-relay Building
#1 [internal] load local bake definitions
#1 reading from stdin 1.02kB done
#1 DONE 0.0s

#2 [migrate internal] load build definition from Dockerfile
#2 transferring dockerfile: 711B done
#2 DONE 0.0s

#3 [migrate internal] load metadata for docker.io/library/golang:1.27.1-alpine@sha256:8a5910f31396cd4d89662f56c68b3ae31d374308270a1c3bd96672ee5ed43414
#3 DONE 0.0s

#4 [migrate internal] load metadata for docker.io/library/alpine:3.23@sha256:85fe1e81d6758c208f3e1eed4338a1997e19d4be002d4dd32d3100c9a8c010a0
#4 DONE 0.0s

#5 [relay internal] load .dockerignore
#5 transferring context: 187B done
#5 DONE 0.0s

#6 [migrate build 1/7] FROM docker.io/library/golang:1.27.1-alpine@sha256:8a5910f31396cd4d89662f56c68b3ae31d374308270a1c3bd96672ee5ed43414
#6 resolve docker.io/library/golang:1.27.1-alpine@sha256:8a5910f31396cd4d89662f56c68b3ae31d374308270a1c3bd96672ee5ed43414 0.0s done
#6 DONE 0.1s

#7 [relay stage-1 1/5] FROM docker.io/library/alpine:3.23@sha256:85fe1e81d6758c208f3e1eed4338a1997e19d4be002d4dd32d3100c9a8c010a0
#7 resolve docker.io/library/alpine:3.23@sha256:85fe1e81d6758c208f3e1eed4338a1997e19d4be002d4dd32d3100c9a8c010a0 0.0s done
#7 DONE 0.1s

#8 [migrate internal] load build context
#8 transferring context: 102.60kB done
#8 DONE 0.1s

#9 [relay build 2/7] WORKDIR /src
#9 CACHED

#10 [migrate build 3/7] COPY go.mod go.sum ./
#10 DONE 0.1s

#11 [relay build 4/7] RUN go mod download
#11 DONE 1.9s

#12 [migrate build 5/7] COPY cmd ./cmd
#12 DONE 0.1s

#13 [migrate build 6/7] COPY internal ./internal
#13 DONE 0.1s

#14 [relay build 7/7] RUN CGO_ENABLED=0 go build -trimpath -o /out/relay ./cmd/relay &&     CGO_ENABLED=0 go build -trimpath -o /out/migrate ./cmd/migrate
#14 DONE 22.8s

#15 [relay stage-1 2/5] RUN apk add --no-cache ca-certificates
#15 CACHED

#16 [relay stage-1 3/5] WORKDIR /app
#16 CACHED

#17 [relay stage-1 4/5] COPY --from=build /out/relay /out/migrate ./
#17 CACHED

#18 [relay stage-1 5/5] COPY db/migrations ./db/migrations
#18 DONE 0.0s

#19 [relay] exporting to image
#19 exporting layers 0.1s done
#19 exporting manifest sha256:c805ee2b5e32bb1dd25f7803cf8633256777ce12dad36ee38ca706c132be5182
#19 exporting manifest sha256:c805ee2b5e32bb1dd25f7803cf8633256777ce12dad36ee38ca706c132be5182 0.0s done
#19 exporting config sha256:aab61445bb27e61d4a3f8735f97bc458e1d260e607ed47e5e4d843a0f756dd0c 0.0s done
#19 exporting attestation manifest sha256:3d2a04955977445c8e5037397970d47872ccc99c0a02a0256d419686b589d271 0.1s done
#19 exporting manifest list sha256:f5ff34181e84bb6d69aabf25a56eb23f7078e1aabbee4a75bba0482ded407080
#19 exporting manifest list sha256:f5ff34181e84bb6d69aabf25a56eb23f7078e1aabbee4a75bba0482ded407080 0.0s done
#19 naming to docker.io/library/knowslink-mvp-69416484a9-relay:latest 0.0s done
#19 unpacking to docker.io/library/knowslink-mvp-69416484a9-relay:latest 0.0s done
#19 DONE 0.4s

#20 [migrate] exporting to image
#20 exporting layers 0.1s done
#20 exporting manifest sha256:b664116c7609faa2786d9820f8cd676ea4da65dfeef6b8ab1b3a16423f891476 0.0s done
#20 exporting config sha256:62624dbe43e89996d5093f9e7cc0e30d44d1532b37137d1c7b3eedb76ab2031f 0.0s done
#20 exporting attestation manifest sha256:5c5cfae28c13bcb7b53a5fa9355eacfcf0efb68f8892a5228b2434acf62f89ee 0.1s done
#20 exporting manifest list sha256:316e24f03cd32286d1895e9de4bb107de050ad5f6577e0d875c0b8754d4a0017 0.0s done
#20 naming to docker.io/library/knowslink-mvp-69416484a9-migrate:latest 0.0s done
#20 unpacking to docker.io/library/knowslink-mvp-69416484a9-migrate:latest 0.0s done
#20 DONE 0.4s

#21 [migrate] resolving provenance for metadata file
#21 DONE 0.0s

#22 [relay] resolving provenance for metadata file
#22 DONE 0.0s
 Image knowslink-mvp-69416484a9-relay Built
 Image knowslink-mvp-69416484a9-migrate Built
 Network knowslink-mvp-69416484a9_database Creating
 Network knowslink-mvp-69416484a9_database Created
 Network knowslink-mvp-69416484a9_ingress Creating
 Network knowslink-mvp-69416484a9_ingress Created
 Volume knowslink-mvp-69416484a9_postgres-data Creating
 Volume knowslink-mvp-69416484a9_postgres-data Created
 Container knowslink-mvp-69416484a9-postgres-1 Creating
 Container knowslink-mvp-69416484a9-postgres-1 Created
 Container knowslink-mvp-69416484a9-migrate-1 Creating
 Container knowslink-mvp-69416484a9-migrate-1 Created
 Container knowslink-mvp-69416484a9-relay-1 Creating
 Container knowslink-mvp-69416484a9-relay-1 Created
 Container knowslink-mvp-69416484a9-postgres-1 Starting
 Container knowslink-mvp-69416484a9-postgres-1 Started
 Container knowslink-mvp-69416484a9-postgres-1 Waiting
 Container knowslink-mvp-69416484a9-postgres-1 Healthy
 Container knowslink-mvp-69416484a9-migrate-1 Starting
 Container knowslink-mvp-69416484a9-migrate-1 Started
 Container knowslink-mvp-69416484a9-migrate-1 Waiting
 Container knowslink-mvp-69416484a9-migrate-1 Exited
 Container knowslink-mvp-69416484a9-relay-1 Starting
 Container knowslink-mvp-69416484a9-relay-1 Started
 Container knowslink-mvp-69416484a9-relay-1 Waiting
 Container knowslink-mvp-69416484a9-postgres-1 Waiting
 Container knowslink-mvp-69416484a9-migrate-1 Waiting
 Container knowslink-mvp-69416484a9-postgres-1 Healthy
 Container knowslink-mvp-69416484a9-migrate-1 Exited
 Container knowslink-mvp-69416484a9-relay-1 Healthy
command: ['docker', 'compose', '--project-name', 'knowslink-mvp-69416484a9', '--env-file', '.env.example', '-f', 'compose.yaml', '-f', '/tmp/knowslink-mvp-ac51sjzj/test.yaml', 'up', '--build', '--wait', 'relay']; exit: 0
=== RUN   TestPostgresSafety
=== RUN   TestPostgresSafety/auth_first_atomic_replay_and_rollback
=== RUN   TestPostgresSafety/last_lease_ack_and_shared_claim_restart
=== RUN   TestPostgresSafety/owner_gate_csrf_binding_and_no_effect
=== RUN   TestPostgresSafety/unpair_generation_expiry_max_attempts_and_clock
=== RUN   TestPostgresSafety/agent_cannot_process_human_delivery
=== RUN   TestPostgresSafety/legacy_unrouted_claim_parent_boundaries
=== RUN   TestPostgresSafety/rotation_pop_and_key_reassignment
PASS: isolated Postgres safety invariants
--- PASS: TestPostgresSafety (1.11s)
    --- PASS: TestPostgresSafety/auth_first_atomic_replay_and_rollback (0.25s)
    --- PASS: TestPostgresSafety/last_lease_ack_and_shared_claim_restart (0.21s)
    --- PASS: TestPostgresSafety/owner_gate_csrf_binding_and_no_effect (0.18s)
    --- PASS: TestPostgresSafety/unpair_generation_expiry_max_attempts_and_clock (0.15s)
    --- PASS: TestPostgresSafety/agent_cannot_process_human_delivery (0.11s)
    --- PASS: TestPostgresSafety/legacy_unrouted_claim_parent_boundaries (0.16s)
    --- PASS: TestPostgresSafety/rotation_pop_and_key_reassignment (0.06s)
=== RUN   TestGateFailureStates
=== RUN   TestGateFailureStates/denied
=== RUN   TestGateFailureStates/expired
=== RUN   TestGateFailureStates/revoked
=== RUN   TestGateFailureStates/unavailable
--- PASS: TestGateFailureStates (0.39s)
    --- PASS: TestGateFailureStates/denied (0.11s)
    --- PASS: TestGateFailureStates/expired (0.09s)
    --- PASS: TestGateFailureStates/revoked (0.08s)
    --- PASS: TestGateFailureStates/unavailable (0.11s)
=== RUN   TestApprovalAndResultInstanceBinding
--- PASS: TestApprovalAndResultInstanceBinding (0.17s)
=== RUN   TestPendingAndConcurrentAccept
--- PASS: TestPendingAndConcurrentAccept (0.11s)
=== RUN   TestLegacyClaimsCannotReachParentBoundaries
--- PASS: TestLegacyClaimsCannotReachParentBoundaries (0.02s)
=== RUN   TestFrozenParsingAndSigning
--- PASS: TestFrozenParsingAndSigning (0.01s)
=== RUN   TestFrozenFieldLimits
--- PASS: TestFrozenFieldLimits (0.02s)
PASS
ok  	github.com/tourbut/KnowsLink/internal/relay	2.860s
command: ['go', 'test', '-tags=integration', '-race', '-count=1', '-v', './internal/relay']; exit: 0
{"state":"waiting","gate":"01a10138-7342-74a9-a169-1a60bc761f85"}
PASS: TS verify/persist/ACK/claim, policy deny, owner approve and denied result; no effects
command: ['node', 'adapters/dist/synthetic.js', 'http://127.0.0.1:54191']; exit: 0
QA credentials: build/qa-fixture.json (0600, ignored); owner UI: /owner
UI candidate: http://127.0.0.1:54191/owner/gates/01a10138-7c4a-78ea-981d-0ad9e959767e; expires 2026-10-03T10:07:01Z
command: ['node', 'adapters/dist/synthetic.js', 'http://127.0.0.1:54191', '--seed']; exit: 0
 Container knowslink-mvp-69416484a9-relay-1 Stopping
 Container knowslink-mvp-69416484a9-relay-1 Stopped
 Container knowslink-mvp-69416484a9-relay-1 Removing
 Container knowslink-mvp-69416484a9-relay-1 Removed
 Container knowslink-mvp-69416484a9-migrate-1 Stopping
 Container knowslink-mvp-69416484a9-migrate-1 Stopped
 Container knowslink-mvp-69416484a9-migrate-1 Removing
 Container knowslink-mvp-69416484a9-migrate-1 Removed
 Container knowslink-mvp-69416484a9-postgres-1 Stopping
 Container knowslink-mvp-69416484a9-postgres-1 Stopped
 Container knowslink-mvp-69416484a9-postgres-1 Removing
 Container knowslink-mvp-69416484a9-postgres-1 Removed
 Network knowslink-mvp-69416484a9_ingress Removing
 Network knowslink-mvp-69416484a9_database Removing
 Volume knowslink-mvp-69416484a9_postgres-data Removing
 Volume knowslink-mvp-69416484a9_postgres-data Removed
 Network knowslink-mvp-69416484a9_ingress Removed
 Network knowslink-mvp-69416484a9_database Removed
command: ['docker', 'compose', '--project-name', 'knowslink-mvp-69416484a9', '--env-file', '.env.example', '-f', 'compose.yaml', '-f', '/tmp/knowslink-mvp-ac51sjzj/test.yaml', 'down', '--volumes']; exit: 0
PASS: isolated Compose migration, Postgres races, TS adapter and Go owner UI; Tunnel unused

exit_code: 0
