Traceback (most recent call last):
  File "/home/shin/orca/workspaces/KnowsLink/fullops-designer/.fullops-squad/docs/evaluations/qa-reports/SAR-PUBLIC-MESSAGES-001-UI/run.py", line 294, in <module>
    main()
  File "/home/shin/orca/workspaces/KnowsLink/fullops-designer/.fullops-squad/docs/evaluations/qa-reports/SAR-PUBLIC-MESSAGES-001-UI/run.py", line 245, in main
    gate(keys, tokens)
  File "/home/shin/orca/workspaces/KnowsLink/fullops-designer/.fullops-squad/docs/evaluations/qa-reports/SAR-PUBLIC-MESSAGES-001-UI/run.py", line 164, in gate
    send({'v': 'relay.v1', 'id': GATE, 'from': PEER, 'to': PEER, 'intent': 'relay.approval.request',
  File "/home/shin/orca/workspaces/KnowsLink/fullops-designer/.fullops-squad/docs/evaluations/qa-reports/SAR-PUBLIC-MESSAGES-001-UI/run.py", line 158, in send
    with urllib.request.urlopen(request) as response:
         ^^^^^^^^^^^^^^^^^^^^^^^^^^^^^^^
  File "/usr/lib/python3.12/urllib/request.py", line 215, in urlopen
    return opener.open(url, data, timeout)
           ^^^^^^^^^^^^^^^^^^^^^^^^^^^^^^^
  File "/usr/lib/python3.12/urllib/request.py", line 521, in open
    response = meth(req, response)
               ^^^^^^^^^^^^^^^^^^^
  File "/usr/lib/python3.12/urllib/request.py", line 630, in http_response
    response = self.parent.error(
               ^^^^^^^^^^^^^^^^^^
  File "/usr/lib/python3.12/urllib/request.py", line 559, in error
    return self._call_chain(*args)
           ^^^^^^^^^^^^^^^^^^^^^^^
  File "/usr/lib/python3.12/urllib/request.py", line 492, in _call_chain
    result = func(*args)
             ^^^^^^^^^^^
  File "/usr/lib/python3.12/urllib/request.py", line 639, in http_error_default
    raise HTTPError(req.full_url, code, msg, hdrs, fp)
urllib.error.HTTPError: HTTP Error 422: Unprocessable Entity
