mkdir -p build
go build -trimpath -o build/relay ./cmd/relay
go build -trimpath -o build/migrate ./cmd/migrate
npm run build --prefix adapters

> @knowslink/adapters@0.0.0 build
> tsc

python3 scripts/verify_mvp.py
 Image knowslink-mvp-1d57e6bdef-migrate Building
 Image knowslink-mvp-1d57e6bdef-relay Building
#1 [internal] load local bake definitions
#1 reading from stdin 1.02kB done
#1 DONE 0.0s

#2 [migrate internal] load build definition from Dockerfile
#2 transferring dockerfile: 711B done
#2 DONE 0.0s

#3 [migrate internal] load metadata for docker.io/library/golang:1.27.1-alpine@sha256:8a5910f31396cd4d89662f56c68b3ae31d374308270a1c3bd96672ee5ed43414
#3 DONE 1.2s

#4 [migrate internal] load metadata for docker.io/library/alpine:3.23@sha256:85fe1e81d6758c208f3e1eed4338a1997e19d4be002d4dd32d3100c9a8c010a0
#4 DONE 1.2s

#5 [relay internal] load .dockerignore
#5 transferring context: 187B done
#5 DONE 0.0s

#6 [migrate build 1/7] FROM docker.io/library/golang:1.27.1-alpine@sha256:8a5910f31396cd4d89662f56c68b3ae31d374308270a1c3bd96672ee5ed43414
#6 resolve docker.io/library/golang:1.27.1-alpine@sha256:8a5910f31396cd4d89662f56c68b3ae31d374308270a1c3bd96672ee5ed43414 0.1s done
#6 DONE 0.1s

#7 [migrate stage-1 1/5] FROM docker.io/library/alpine:3.23@sha256:85fe1e81d6758c208f3e1eed4338a1997e19d4be002d4dd32d3100c9a8c010a0
#7 resolve docker.io/library/alpine:3.23@sha256:85fe1e81d6758c208f3e1eed4338a1997e19d4be002d4dd32d3100c9a8c010a0 0.1s done
#7 DONE 0.1s

#8 [relay internal] load build context
#8 transferring context: 84.50kB 0.0s done
#8 DONE 0.1s

#9 [migrate stage-1 4/5] COPY --from=build /out/relay /out/migrate ./
#9 CACHED

#10 [migrate build 2/7] WORKDIR /src
#10 CACHED

#11 [migrate build 3/7] COPY go.mod go.sum ./
#11 CACHED

#12 [migrate stage-1 2/5] RUN apk add --no-cache ca-certificates
#12 CACHED

#13 [migrate stage-1 3/5] WORKDIR /app
#13 CACHED

#14 [migrate build 5/7] COPY cmd ./cmd
#14 CACHED

#15 [migrate build 6/7] COPY internal ./internal
#15 CACHED

#16 [migrate build 7/7] RUN CGO_ENABLED=0 go build -trimpath -o /out/relay ./cmd/relay &&     CGO_ENABLED=0 go build -trimpath -o /out/migrate ./cmd/migrate
#16 CACHED

#17 [migrate build 4/7] RUN go mod download
#17 CACHED

#18 [migrate stage-1 5/5] COPY db/migrations ./db/migrations
#18 CACHED

#19 [relay] exporting to image
#19 exporting layers done
#19 exporting manifest sha256:4d6d4c7f63f0ae819b7263b800bc038cb76c5208850af37df834fd1ef167adbd 0.0s done
#19 exporting config sha256:d84690b0dd8d092db697c6c090bbb171fc118fb38a831f6920ff32d911a9d3e3
#19 exporting config sha256:d84690b0dd8d092db697c6c090bbb171fc118fb38a831f6920ff32d911a9d3e3 0.0s done
#19 exporting attestation manifest sha256:05ebdd105a366d471b66309e50ab3e7fe8bbbd815de77f8b9a47bf566624ef0f 0.1s done
#19 exporting manifest list sha256:58981a993d0711850174fbea9047708ab3fcdb7362f14c2cb4fd05a064dfa1aa
#19 exporting manifest list sha256:58981a993d0711850174fbea9047708ab3fcdb7362f14c2cb4fd05a064dfa1aa 0.0s done
#19 naming to docker.io/library/knowslink-mvp-1d57e6bdef-relay:latest done
#19 unpacking to docker.io/library/knowslink-mvp-1d57e6bdef-relay:latest 0.0s done
#19 DONE 0.3s

#20 [migrate] exporting to image
#20 exporting layers done
#20 exporting manifest sha256:8b739339c69503786521c6e017b39f20b3ac88c8e5dc496c609457f751a7823a 0.0s done
#20 exporting config sha256:6fe75a107f49f7a422b7b764cd396102aac18064665d8c6c250e6e30dd657717 0.0s done
#20 exporting attestation manifest sha256:d6144d43d747e0669647f5537f94650010491379b72be42e018f19338ab44a14 0.1s done
#20 exporting manifest list sha256:6cccb8dd76b969331578dbc227203f7054d0dfa5b8bf8c89a620ccbe290c89c8 0.0s done
#20 naming to docker.io/library/knowslink-mvp-1d57e6bdef-migrate:latest done
#20 unpacking to docker.io/library/knowslink-mvp-1d57e6bdef-migrate:latest 0.0s done
#20 DONE 0.3s

#21 [relay] resolving provenance for metadata file
#21 DONE 0.0s

#22 [migrate] resolving provenance for metadata file
#22 DONE 0.0s
 Image knowslink-mvp-1d57e6bdef-migrate Built
 Image knowslink-mvp-1d57e6bdef-relay Built
 Network knowslink-mvp-1d57e6bdef_database Creating
 Network knowslink-mvp-1d57e6bdef_database Created
 Network knowslink-mvp-1d57e6bdef_ingress Creating
 Network knowslink-mvp-1d57e6bdef_ingress Created
 Volume knowslink-mvp-1d57e6bdef_postgres-data Creating
 Volume knowslink-mvp-1d57e6bdef_postgres-data Created
 Container knowslink-mvp-1d57e6bdef-postgres-1 Creating
 Container knowslink-mvp-1d57e6bdef-postgres-1 Created
 Container knowslink-mvp-1d57e6bdef-migrate-1 Creating
 Container knowslink-mvp-1d57e6bdef-migrate-1 Created
 Container knowslink-mvp-1d57e6bdef-relay-1 Creating
 Container knowslink-mvp-1d57e6bdef-relay-1 Created
 Container knowslink-mvp-1d57e6bdef-postgres-1 Starting
 Container knowslink-mvp-1d57e6bdef-postgres-1 Started
 Container knowslink-mvp-1d57e6bdef-postgres-1 Waiting
 Container knowslink-mvp-1d57e6bdef-postgres-1 Healthy
 Container knowslink-mvp-1d57e6bdef-migrate-1 Starting
 Container knowslink-mvp-1d57e6bdef-migrate-1 Started
 Container knowslink-mvp-1d57e6bdef-migrate-1 Waiting
 Container knowslink-mvp-1d57e6bdef-migrate-1 Exited
 Container knowslink-mvp-1d57e6bdef-relay-1 Starting
 Container knowslink-mvp-1d57e6bdef-relay-1 Started
 Container knowslink-mvp-1d57e6bdef-postgres-1 Waiting
 Container knowslink-mvp-1d57e6bdef-migrate-1 Waiting
 Container knowslink-mvp-1d57e6bdef-relay-1 Waiting
 Container knowslink-mvp-1d57e6bdef-migrate-1 Exited
 Container knowslink-mvp-1d57e6bdef-postgres-1 Healthy
 Container knowslink-mvp-1d57e6bdef-relay-1 Healthy
command: ['docker', 'compose', '--project-name', 'knowslink-mvp-1d57e6bdef', '--env-file', '.env.example', '-f', 'compose.yaml', '-f', '/tmp/knowslink-mvp-kxkcpove/test.yaml', 'up', '--build', '--wait', 'relay']; exit: 0
=== RUN   TestPostgresSafety
=== RUN   TestPostgresSafety/auth_first_atomic_replay_and_rollback
=== RUN   TestPostgresSafety/last_lease_ack_and_shared_claim_restart
=== RUN   TestPostgresSafety/owner_gate_csrf_binding_and_no_effect
=== RUN   TestPostgresSafety/unpair_generation_expiry_max_attempts_and_clock
=== RUN   TestPostgresSafety/agent_cannot_process_human_delivery
=== RUN   TestPostgresSafety/rotation_pop_and_key_reassignment
PASS: isolated Postgres safety invariants
--- PASS: TestPostgresSafety (0.77s)
    --- PASS: TestPostgresSafety/auth_first_atomic_replay_and_rollback (0.17s)
    --- PASS: TestPostgresSafety/last_lease_ack_and_shared_claim_restart (0.14s)
    --- PASS: TestPostgresSafety/owner_gate_csrf_binding_and_no_effect (0.15s)
    --- PASS: TestPostgresSafety/unpair_generation_expiry_max_attempts_and_clock (0.12s)
    --- PASS: TestPostgresSafety/agent_cannot_process_human_delivery (0.11s)
    --- PASS: TestPostgresSafety/rotation_pop_and_key_reassignment (0.07s)
=== RUN   TestGateFailureStates
=== RUN   TestGateFailureStates/denied
=== RUN   TestGateFailureStates/expired
=== RUN   TestGateFailureStates/revoked
=== RUN   TestGateFailureStates/unavailable
--- PASS: TestGateFailureStates (0.35s)
    --- PASS: TestGateFailureStates/denied (0.10s)
    --- PASS: TestGateFailureStates/expired (0.08s)
    --- PASS: TestGateFailureStates/revoked (0.09s)
    --- PASS: TestGateFailureStates/unavailable (0.08s)
=== RUN   TestApprovalAndResultInstanceBinding
--- PASS: TestApprovalAndResultInstanceBinding (0.18s)
=== RUN   TestPendingAndConcurrentAccept
--- PASS: TestPendingAndConcurrentAccept (0.10s)
=== RUN   TestFrozenParsingAndSigning
--- PASS: TestFrozenParsingAndSigning (0.01s)
=== RUN   TestFrozenFieldLimits
--- PASS: TestFrozenFieldLimits (0.02s)
PASS
ok  	github.com/tourbut/KnowsLink/internal/relay	2.451s
command: ['go', 'test', '-tags=integration', '-race', '-count=1', '-v', './internal/relay']; exit: 0
{"state":"waiting","gate":"01a1011e-d4a2-7e5d-9592-1f6cc5d16b74"}
PASS: TS verify/persist/ACK/claim, policy deny, owner approve and denied result; no effects
command: ['node', 'adapters/dist/synthetic.js', 'http://127.0.0.1:42779']; exit: 0
QA credentials: build/qa-fixture.json (0600, ignored); owner UI: /owner
UI candidate: http://127.0.0.1:42779/owner/gates/01a1011e-ddb6-722a-996c-f8c4f20407ce; expires 2026-10-03T09:39:02Z
command: ['node', 'adapters/dist/synthetic.js', 'http://127.0.0.1:42779', '--seed']; exit: 0
 Container knowslink-mvp-1d57e6bdef-relay-1 Stopping
 Container knowslink-mvp-1d57e6bdef-relay-1 Stopped
 Container knowslink-mvp-1d57e6bdef-relay-1 Removing
 Container knowslink-mvp-1d57e6bdef-relay-1 Removed
 Container knowslink-mvp-1d57e6bdef-migrate-1 Stopping
 Container knowslink-mvp-1d57e6bdef-migrate-1 Stopped
 Container knowslink-mvp-1d57e6bdef-migrate-1 Removing
 Container knowslink-mvp-1d57e6bdef-migrate-1 Removed
 Container knowslink-mvp-1d57e6bdef-postgres-1 Stopping
 Container knowslink-mvp-1d57e6bdef-postgres-1 Stopped
 Container knowslink-mvp-1d57e6bdef-postgres-1 Removing
 Container knowslink-mvp-1d57e6bdef-postgres-1 Removed
 Network knowslink-mvp-1d57e6bdef_database Removing
 Network knowslink-mvp-1d57e6bdef_ingress Removing
 Volume knowslink-mvp-1d57e6bdef_postgres-data Removing
 Volume knowslink-mvp-1d57e6bdef_postgres-data Removed
 Network knowslink-mvp-1d57e6bdef_ingress Removed
 Network knowslink-mvp-1d57e6bdef_database Removed
command: ['docker', 'compose', '--project-name', 'knowslink-mvp-1d57e6bdef', '--env-file', '.env.example', '-f', 'compose.yaml', '-f', '/tmp/knowslink-mvp-kxkcpove/test.yaml', 'down', '--volumes']; exit: 0
PASS: isolated Compose migration, Postgres races, TS adapter and Go owner UI; Tunnel unused

[exit 0]
